!***************  MDT CONTRIBUTION  ******************************************************** 

!*** Special entries from eclipse

plugin@org.eclipse.test=v20091002,:pserver:anonymous@dev.eclipse.org:/cvsroot/eclipse,
fragment@org.eclipse.ant.optional.junit=R3_5_1,:pserver:anonymous@dev.eclipse.org:/cvsroot/eclipse,

!*** MDT plugins, features and fragments

feature@org.eclipse.ocl.master=v200912161120,:pserver:anonymous@dev.eclipse.org:/cvsroot/modeling,,org.eclipse.mdt/org.eclipse.ocl/plugins/org.eclipse.ocl.master-feature

feature@org.eclipse.ocl=v200912282100,:pserver:anonymous@dev.eclipse.org:/cvsroot/modeling,,org.eclipse.mdt/org.eclipse.ocl/plugins/org.eclipse.ocl-feature
feature@org.eclipse.ocl.uml=v200912161120,:pserver:anonymous@dev.eclipse.org:/cvsroot/modeling,,org.eclipse.mdt/org.eclipse.ocl/plugins/org.eclipse.ocl.uml-feature
feature@org.eclipse.ocl.doc=v200912161120,:pserver:anonymous@dev.eclipse.org:/cvsroot/modeling,,org.eclipse.mdt/org.eclipse.ocl/doc/org.eclipse.ocl.doc-feature

feature@org.eclipse.ocl.edit=v200912161120,:pserver:anonymous@dev.eclipse.org:/cvsroot/modeling,,org.eclipse.mdt/org.eclipse.ocl/plugins/org.eclipse.ocl.edit-feature

plugin@org.eclipse.ocl=v200912282100,:pserver:anonymous@dev.eclipse.org:/cvsroot/modeling,,org.eclipse.mdt/org.eclipse.ocl/plugins/org.eclipse.ocl
plugin@org.eclipse.ocl.doc=v200912161120,:pserver:anonymous@dev.eclipse.org:/cvsroot/modeling,,org.eclipse.mdt/org.eclipse.ocl/doc/org.eclipse.ocl.doc
plugin@org.eclipse.ocl.tests=v200912282100,:pserver:anonymous@dev.eclipse.org:/cvsroot/modeling,,org.eclipse.mdt/org.eclipse.ocl/tests/org.eclipse.ocl.tests
plugin@org.eclipse.ocl.ecore=v200912282100,:pserver:anonymous@dev.eclipse.org:/cvsroot/modeling,,org.eclipse.mdt/org.eclipse.ocl/plugins/org.eclipse.ocl.ecore
plugin@org.eclipse.ocl.ecore.tests=v200912282100,:pserver:anonymous@dev.eclipse.org:/cvsroot/modeling,,org.eclipse.mdt/org.eclipse.ocl/tests/org.eclipse.ocl.ecore.tests
plugin@org.eclipse.ocl.uml=v200912282100,:pserver:anonymous@dev.eclipse.org:/cvsroot/modeling,,org.eclipse.mdt/org.eclipse.ocl/plugins/org.eclipse.ocl.uml
plugin@org.eclipse.ocl.uml.tests=v200912282100,:pserver:anonymous@dev.eclipse.org:/cvsroot/modeling,,org.eclipse.mdt/org.eclipse.ocl/tests/org.eclipse.ocl.uml.tests

plugin@org.eclipse.ocl.edit=v200912282100,:pserver:anonymous@dev.eclipse.org:/cvsroot/modeling,,org.eclipse.mdt/org.eclipse.ocl/plugins/org.eclipse.ocl.edit
plugin@org.eclipse.ocl.ecore.edit=v200912282100,:pserver:anonymous@dev.eclipse.org:/cvsroot/modeling,,org.eclipse.mdt/org.eclipse.ocl/plugins/org.eclipse.ocl.ecore.edit
plugin@org.eclipse.ocl.uml.edit=v200912282100,:pserver:anonymous@dev.eclipse.org:/cvsroot/modeling,,org.eclipse.mdt/org.eclipse.ocl/plugins/org.eclipse.ocl.uml.edit

feature@org.eclipse.emf.ocl.examples=v200912161120,:pserver:anonymous@dev.eclipse.org:/cvsroot/modeling,,org.eclipse.mdt/org.eclipse.ocl/examples/org.eclipse.emf.ocl.examples-feature
feature@org.eclipse.emf.ocl.tests=v200912161120,:pserver:anonymous@dev.eclipse.org:/cvsroot/modeling,,org.eclipse.mdt/org.eclipse.ocl/tests/org.eclipse.emf.ocl.tests-feature

plugin@org.eclipse.emf.ocl.examples=v200912282100,:pserver:anonymous@dev.eclipse.org:/cvsroot/modeling,,org.eclipse.mdt/org.eclipse.ocl/examples/org.eclipse.emf.ocl.examples
plugin@org.eclipse.emf.ocl.examples.interpreter=v200912161120,:pserver:anonymous@dev.eclipse.org:/cvsroot/modeling,,org.eclipse.mdt/org.eclipse.ocl/examples/org.eclipse.emf.ocl.examples.interpreter

!*** Plugins, features and fragments for Eclipse Coordinated Releases

feature@org.eclipse.ocl.all=v200912161120,:pserver:anonymous@dev.eclipse.org:/cvsroot/modeling,,org.eclipse.mdt/org.eclipse.ocl/coordinated/org.eclipse.ocl.all-feature
feature@org.eclipse.ocl.all.sdk=v200912161120,:pserver:anonymous@dev.eclipse.org:/cvsroot/modeling,,org.eclipse.mdt/org.eclipse.ocl/coordinated/org.eclipse.ocl.all.sdk-feature

!*** EMF Examples plugins
plugin@org.eclipse.emf.examples.library=R2_3_1RC,:pserver:anonymous@dev.eclipse.org:/cvsroot/modeling,,org.eclipse.emf/org.eclipse.emf/examples/org.eclipse.emf.examples.library
plugin@org.eclipse.emf.examples.library.edit=R2_3_1RC,:pserver:anonymous@dev.eclipse.org:/cvsroot/modeling,,org.eclipse.emf/org.eclipse.emf/examples/org.eclipse.emf.examples.library.edit
plugin@org.eclipse.emf.examples.library.editor=R2_3_1RC,:pserver:anonymous@dev.eclipse.org:/cvsroot/modeling,,org.eclipse.emf/org.eclipse.emf/examples/org.eclipse.emf.examples.library.editor

!*** LPG Distribution
plugin@lpg.runtime.java,2.0.17=v200912221855,:pserver:anonymous@dev.eclipse.org:/cvsroot/tools,,org.eclipse.orbit/lpg.runtime.java
plugin@lpg.runtime.java.source,2.0.17=v200912221855,:pserver:anonymous@dev.eclipse.org:/cvsroot/tools,,org.eclipse.orbit/lpg.runtime.java/source-bundle
!*** plugin@net.sourceforge.lpg.lpgjavaruntime,1.1.0=v200803061910,:pserver:anonymous@dev.eclipse.org:/cvsroot/tools,,org.eclipse.orbit/net.sourceforge.lpg.lpgjavaruntime
!*** plugin@net.sourceforge.lpg.lpgjavaruntime.source,1.1.0=v200803061910,:pserver:anonymous@dev.eclipse.org:/cvsroot/tools,,org.eclipse.orbit/net.sourceforge.lpg.lpgjavaruntime/source-bundle