!***************  MDT CONTRIBUTION  ******************************************************** 

!*** Special entries from eclipse

plugin@org.eclipse.test=v20091002,:pserver:anonymous@dev.eclipse.org:/cvsroot/eclipse,
fragment@org.eclipse.ant.optional.junit=R3_5_1,:pserver:anonymous@dev.eclipse.org:/cvsroot/eclipse,

!*** MDT plugins, features and fragments

feature@org.eclipse.ocl.master=v201003231410,:pserver:anonymous@dev.eclipse.org:/cvsroot/modeling,,org.eclipse.mdt/org.eclipse.ocl/plugins/org.eclipse.ocl.master-feature

feature@org.eclipse.ocl=v200912282100,:pserver:anonymous@dev.eclipse.org:/cvsroot/modeling,,org.eclipse.mdt/org.eclipse.ocl/plugins/org.eclipse.ocl-feature
feature@org.eclipse.ocl.uml=v200912161120,:pserver:anonymous@dev.eclipse.org:/cvsroot/modeling,,org.eclipse.mdt/org.eclipse.ocl/plugins/org.eclipse.ocl.uml-feature
plugin@org.eclipse.ocl=v201003231840,:pserver:anonymous@dev.eclipse.org:/cvsroot/modeling,,org.eclipse.mdt/org.eclipse.ocl/plugins/org.eclipse.ocl
plugin@org.eclipse.ocl.ecore=v201003231410,:pserver:anonymous@dev.eclipse.org:/cvsroot/modeling,,org.eclipse.mdt/org.eclipse.ocl/plugins/org.eclipse.ocl.ecore
plugin@org.eclipse.ocl.uml=v201003031545,:pserver:anonymous@dev.eclipse.org:/cvsroot/modeling,,org.eclipse.mdt/org.eclipse.ocl/plugins/org.eclipse.ocl.uml

feature@org.eclipse.ocl.doc=v201001201930,:pserver:anonymous@dev.eclipse.org:/cvsroot/modeling,,org.eclipse.mdt/org.eclipse.ocl/doc/org.eclipse.ocl.doc-feature
plugin@org.eclipse.ocl.doc=v201003160300,:pserver:anonymous@dev.eclipse.org:/cvsroot/modeling,,org.eclipse.mdt/org.eclipse.ocl/doc/org.eclipse.ocl.doc

feature@org.eclipse.ocl.edit=v201003231410,:pserver:anonymous@dev.eclipse.org:/cvsroot/modeling,,org.eclipse.mdt/org.eclipse.ocl/plugins/org.eclipse.ocl.edit-feature
plugin@org.eclipse.ocl.edit=v201003231410,:pserver:anonymous@dev.eclipse.org:/cvsroot/modeling,,org.eclipse.mdt/org.eclipse.ocl/plugins/org.eclipse.ocl.edit
plugin@org.eclipse.ocl.ecore.edit=v201003231410,:pserver:anonymous@dev.eclipse.org:/cvsroot/modeling,,org.eclipse.mdt/org.eclipse.ocl/plugins/org.eclipse.ocl.ecore.edit
plugin@org.eclipse.ocl.uml.edit=v201003231410,:pserver:anonymous@dev.eclipse.org:/cvsroot/modeling,,org.eclipse.mdt/org.eclipse.ocl/plugins/org.eclipse.ocl.uml.edit

feature@org.eclipse.ocl.examples=v201003231410,:pserver:anonymous@dev.eclipse.org:/cvsroot/modeling,,org.eclipse.mdt/org.eclipse.ocl/examples/org.eclipse.ocl.examples-feature
plugin@org.eclipse.ocl.examples=v201003231410,:pserver:anonymous@dev.eclipse.org:/cvsroot/modeling,,org.eclipse.mdt/org.eclipse.ocl/examples/org.eclipse.ocl.examples
plugin@org.eclipse.ocl.examples.common=v201003231410,:pserver:anonymous@dev.eclipse.org:/cvsroot/modeling,,org.eclipse.mdt/org.eclipse.ocl/examples/org.eclipse.ocl.examples.common
plugin@org.eclipse.ocl.examples.editor.model=v201003231410,:pserver:anonymous@dev.eclipse.org:/cvsroot/modeling,,org.eclipse.mdt/org.eclipse.ocl/examples/org.eclipse.ocl.examples.editor.model
plugin@org.eclipse.ocl.examples.editor.model.edit=v201003231410,:pserver:anonymous@dev.eclipse.org:/cvsroot/modeling,,org.eclipse.mdt/org.eclipse.ocl/examples/org.eclipse.ocl.examples.editor.model.edit
plugin@org.eclipse.ocl.examples.editor.model.editor=v201003231410,:pserver:anonymous@dev.eclipse.org:/cvsroot/modeling,,org.eclipse.mdt/org.eclipse.ocl/examples/org.eclipse.ocl.examples.editor.model.editor
!*** plugin@org.eclipse.ocl.examples.editor.ocl.ui=v201003231410,:pserver:anonymous@dev.eclipse.org:/cvsroot/modeling,,org.eclipse.mdt/org.eclipse.ocl/examples/org.eclipse.ocl.examples.editor.ocl.ui
!*** plugin@org.eclipse.ocl.examples.editor.ocl.ui.ecore=v201003231410,:pserver:anonymous@dev.eclipse.org:/cvsroot/modeling,,org.eclipse.mdt/org.eclipse.ocl/examples/org.eclipse.ocl.examples.editor.ocl.ui.ecore
!*** plugin@org.eclipse.ocl.examples.editor.ui=v201003231410,:pserver:anonymous@dev.eclipse.org:/cvsroot/modeling,,org.eclipse.mdt/org.eclipse.ocl/examples/org.eclipse.ocl.examples.editor.ui
plugin@org.eclipse.ocl.examples.interpreter=v201003231410,:pserver:anonymous@dev.eclipse.org:/cvsroot/modeling,,org.eclipse.mdt/org.eclipse.ocl/examples/org.eclipse.ocl.examples.interpreter
plugin@org.eclipse.ocl.examples.modelregistry=v201003231410,:pserver:anonymous@dev.eclipse.org:/cvsroot/modeling,,org.eclipse.mdt/org.eclipse.ocl/examples/org.eclipse.ocl.examples.modelregistry
plugin@org.eclipse.ocl.examples.modelregistry.edit=v201003231410,:pserver:anonymous@dev.eclipse.org:/cvsroot/modeling,,org.eclipse.mdt/org.eclipse.ocl/examples/org.eclipse.ocl.examples.modelregistry.edit
plugin@org.eclipse.ocl.examples.modelregistry.editor=v201003231410,:pserver:anonymous@dev.eclipse.org:/cvsroot/modeling,,org.eclipse.mdt/org.eclipse.ocl/examples/org.eclipse.ocl.examples.modelregistry.editor
plugin@org.eclipse.ocl.examples.modelregistry.ui=v201003231410,:pserver:anonymous@dev.eclipse.org:/cvsroot/modeling,,org.eclipse.mdt/org.eclipse.ocl/examples/org.eclipse.ocl.examples.modelregistry.ui
plugin@org.eclipse.ocl.examples.parser=v201003231410,:pserver:anonymous@dev.eclipse.org:/cvsroot/modeling,,org.eclipse.mdt/org.eclipse.ocl/examples/org.eclipse.ocl.examples.parser
plugin@org.eclipse.ocl.examples.parser.ocl=v201003231410,:pserver:anonymous@dev.eclipse.org:/cvsroot/modeling,,org.eclipse.mdt/org.eclipse.ocl/examples/org.eclipse.ocl.examples.parser.ocl
plugin@org.eclipse.ocl.examples.parser.unresolved=v201003231410,:pserver:anonymous@dev.eclipse.org:/cvsroot/modeling,,org.eclipse.mdt/org.eclipse.ocl/examples/org.eclipse.ocl.examples.parser.unresolved
plugin@org.eclipse.ocl.examples.project.empty=v201003231410,:pserver:anonymous@dev.eclipse.org:/cvsroot/modeling,,org.eclipse.mdt/org.eclipse.ocl/examples/org.eclipse.ocl.examples.project.empty
plugin@org.eclipse.ocl.examples.project.royalandloyal=v201003231410,:pserver:anonymous@dev.eclipse.org:/cvsroot/modeling,,org.eclipse.mdt/org.eclipse.ocl/examples/org.eclipse.ocl.examples.project.royalandloyal

plugin@org.eclipse.ocl.examples.xtext.completeocl=v201003231410,:pserver:anonymous@dev.eclipse.org:/cvsroot/modeling,,org.eclipse.mdt/org.eclipse.ocl/examples/org.eclipse.ocl.examples.xtext.completeocl
plugin@org.eclipse.ocl.examples.xtext.completeocl.ui=v201003231410,:pserver:anonymous@dev.eclipse.org:/cvsroot/modeling,,org.eclipse.mdt/org.eclipse.ocl/examples/org.eclipse.ocl.examples.xtext.completeocl.ui
plugin@org.eclipse.ocl.examples.xtext.essentialocl=v201003231410,:pserver:anonymous@dev.eclipse.org:/cvsroot/modeling,,org.eclipse.mdt/org.eclipse.ocl/examples/org.eclipse.ocl.examples.xtext.essentialocl
plugin@org.eclipse.ocl.examples.xtext.essentialocl.ui=v201003231410,:pserver:anonymous@dev.eclipse.org:/cvsroot/modeling,,org.eclipse.mdt/org.eclipse.ocl/examples/org.eclipse.ocl.examples.xtext.essentialocl.ui
plugin@org.eclipse.ocl.examples.xtext.oclinecore=v201003231410,:pserver:anonymous@dev.eclipse.org:/cvsroot/modeling,,org.eclipse.mdt/org.eclipse.ocl/examples/org.eclipse.ocl.examples.xtext.oclinecore
plugin@org.eclipse.ocl.examples.xtext.oclinecore.ui=v201003231410,:pserver:anonymous@dev.eclipse.org:/cvsroot/modeling,,org.eclipse.mdt/org.eclipse.ocl/examples/org.eclipse.ocl.examples.xtext.oclinecore.ui

feature@org.eclipse.ocl.tests=v201003231410,:pserver:anonymous@dev.eclipse.org:/cvsroot/modeling,,org.eclipse.mdt/org.eclipse.ocl/tests/org.eclipse.ocl.tests-feature
plugin@org.eclipse.ocl.tests=v201003031545,:pserver:anonymous@dev.eclipse.org:/cvsroot/modeling,,org.eclipse.mdt/org.eclipse.ocl/tests/org.eclipse.ocl.tests
plugin@org.eclipse.ocl.ecore.tests=v201003231410,:pserver:anonymous@dev.eclipse.org:/cvsroot/modeling,,org.eclipse.mdt/org.eclipse.ocl/tests/org.eclipse.ocl.ecore.tests
plugin@org.eclipse.ocl.uml.tests=v201003031545,:pserver:anonymous@dev.eclipse.org:/cvsroot/modeling,,org.eclipse.mdt/org.eclipse.ocl/tests/org.eclipse.ocl.uml.tests
plugin@org.eclipse.ocl.examples.tests=v201003231410,:pserver:anonymous@dev.eclipse.org:/cvsroot/modeling,,org.eclipse.mdt/org.eclipse.ocl/tests/org.eclipse.ocl.examples.tests

!*** IMP plug-ins ***************************************************************************
!*** plugin@org.eclipse.imp.runtime=SVN,trunk,svn://dev.eclipse.org/svnroot/technology/org.eclipse.imp,,org.eclipse.imp.runtime
!*** plugin@org.eclipse.imp.runtime=SVN,,svn://dev.eclipse.org/svnroot/technology/org.eclipse.imp/tags/features/org.eclipse.imp.runtime/0.1.104.v201003141548,,org.eclipse.imp.runtime
!*** plugin@org.eclipse.imp.runtime=SVN,0.1.104.v201003141548,svn://dev.eclipse.org/svnroot/technology/org.eclipse.imp,tags/features/org.eclipse.imp.runtime,org.eclipse.imp.runtime

!*** Plugins, features and fragments for Eclipse Coordinated Releases

feature@org.eclipse.ocl.all=v200912161120,:pserver:anonymous@dev.eclipse.org:/cvsroot/modeling,,org.eclipse.mdt/org.eclipse.ocl/coordinated/org.eclipse.ocl.all-feature
feature@org.eclipse.ocl.all.sdk=v201001271420,:pserver:anonymous@dev.eclipse.org:/cvsroot/modeling,,org.eclipse.mdt/org.eclipse.ocl/coordinated/org.eclipse.ocl.all.sdk-feature
feature@org.eclipse.ocl.core.sdk=v201001280030,:pserver:anonymous@dev.eclipse.org:/cvsroot/modeling,,org.eclipse.mdt/org.eclipse.ocl/coordinated/org.eclipse.ocl.core.sdk-feature

!*** EMF Examples plugins
plugin@org.eclipse.emf.examples.library=R2_5_0,:pserver:anonymous@dev.eclipse.org:/cvsroot/modeling,,org.eclipse.emf/org.eclipse.emf/examples/org.eclipse.emf.examples.library
plugin@org.eclipse.emf.examples.library.edit=R2_5_0,:pserver:anonymous@dev.eclipse.org:/cvsroot/modeling,,org.eclipse.emf/org.eclipse.emf/examples/org.eclipse.emf.examples.library.edit
plugin@org.eclipse.emf.examples.library.editor=R2_5_0,:pserver:anonymous@dev.eclipse.org:/cvsroot/modeling,,org.eclipse.emf/org.eclipse.emf/examples/org.eclipse.emf.examples.library.editor

!*** 3rd Party
plugin@com.google.guice=HEAD,:pserver:anonymous@dev.eclipse.org:/cvsroot/modeling,,org.eclipse.tmf/org.eclipse.xtext/plugins/com.google.guice
plugin@com.google.collect=HEAD,:pserver:anonymous@dev.eclipse.org:/cvsroot/modeling,,org.eclipse.tmf/org.eclipse.xtext/plugins/com.google.collect

!*** LPG Distribution
plugin@lpg.runtime.java,2.0.17=v200912221855,:pserver:anonymous@dev.eclipse.org:/cvsroot/tools,,org.eclipse.orbit/lpg.runtime.java
plugin@lpg.runtime.java.source,2.0.17=v200912221855,:pserver:anonymous@dev.eclipse.org:/cvsroot/tools,,org.eclipse.orbit/lpg.runtime.java/source-bundle
!*** plugin@net.sourceforge.lpg.lpgjavaruntime,1.1.0=v200803061910,:pserver:anonymous@dev.eclipse.org:/cvsroot/tools,,org.eclipse.orbit/net.sourceforge.lpg.lpgjavaruntime
!*** plugin@net.sourceforge.lpg.lpgjavaruntime.source,1.1.0=v200803061910,:pserver:anonymous@dev.eclipse.org:/cvsroot/tools,,org.eclipse.orbit/net.sourceforge.lpg.lpgjavaruntime/source-bundle
