!***************  Project CONTRIBUTION  ******************************************************** 

!*** Special entries from eclipse

plugin@org.eclipse.test=v20070226,:pserver:anonymous@dev.eclipse.org:/cvsroot/eclipse,
fragment@org.eclipse.ant.optional.junit=v20030401,:pserver:anonymous@dev.eclipse.org:/cvsroot/eclipse,

!*** Default entries

!*** plugins, features and fragments

feature@org.eclipse.emf.query.master=HEAD,:pserver:anonymous@dev.eclipse.org:/cvsroot/modeling,,org.eclipse.emf/org.eclipse.emf.query/plugins/org.eclipse.emf.query.master-feature

feature@org.eclipse.emf.query.sdk=v200903190031,:pserver:anonymous@dev.eclipse.org:/cvsroot/modeling,,org.eclipse.emf/org.eclipse.emf.query/plugins/org.eclipse.emf.query.sdk-feature
feature@org.eclipse.emf.query=v200901271643,:pserver:anonymous@dev.eclipse.org:/cvsroot/modeling,,org.eclipse.emf/org.eclipse.emf.query/plugins/org.eclipse.emf.query-feature
feature@org.eclipse.emf.query.ocl=v200901271643,:pserver:anonymous@dev.eclipse.org:/cvsroot/modeling,,org.eclipse.emf/org.eclipse.emf.query/plugins/org.eclipse.emf.query.ocl-feature
feature@org.eclipse.emf.query.doc=v200901271543,:pserver:anonymous@dev.eclipse.org:/cvsroot/modeling,,org.eclipse.emf/org.eclipse.emf.query/doc/org.eclipse.emf.query.doc-feature
feature@org.eclipse.emf.query.examples=v200901271643,:pserver:anonymous@dev.eclipse.org:/cvsroot/modeling,,org.eclipse.emf/org.eclipse.emf.query/examples/org.eclipse.emf.query.examples-feature
feature@org.eclipse.emf.query.tests=v200901271543,:pserver:anonymous@dev.eclipse.org:/cvsroot/modeling,,org.eclipse.emf/org.eclipse.emf.query/tests/org.eclipse.emf.query.tests-feature

plugin@org.eclipse.emf.query=v200903190031,:pserver:anonymous@dev.eclipse.org:/cvsroot/modeling,,org.eclipse.emf/org.eclipse.emf.query/plugins/org.eclipse.emf.query
plugin@org.eclipse.emf.query.ocl=v200903190031,:pserver:anonymous@dev.eclipse.org:/cvsroot/modeling,,org.eclipse.emf/org.eclipse.emf.query/plugins/org.eclipse.emf.query.ocl
plugin@org.eclipse.emf.query.doc=v200901271643,:pserver:anonymous@dev.eclipse.org:/cvsroot/modeling,,org.eclipse.emf/org.eclipse.emf.query/doc/org.eclipse.emf.query.doc
plugin@org.eclipse.emf.query.examples=v200901271643,:pserver:anonymous@dev.eclipse.org:/cvsroot/modeling,,org.eclipse.emf/org.eclipse.emf.query/examples/org.eclipse.emf.query.examples
plugin@org.eclipse.emf.query.examples.statements=v200901271643,:pserver:anonymous@dev.eclipse.org:/cvsroot/modeling,,org.eclipse.emf/org.eclipse.emf.query/examples/org.eclipse.emf.query.examples.statements
plugin@org.eclipse.emf.query.examples.ocl=v200901271643,:pserver:anonymous@dev.eclipse.org:/cvsroot/modeling,,org.eclipse.emf/org.eclipse.emf.query/examples/org.eclipse.emf.query.examples.ocl
plugin@org.eclipse.emf.query.tests=v200903190031,:pserver:anonymous@dev.eclipse.org:/cvsroot/modeling,,org.eclipse.emf/org.eclipse.emf.query/tests/org.eclipse.emf.query.tests
plugin@org.eclipse.emf.query.ocl.tests=v200903190031,:pserver:anonymous@dev.eclipse.org:/cvsroot/modeling,,org.eclipse.emf/org.eclipse.emf.query/tests/org.eclipse.emf.query.ocl.tests

!*** EMF Examples plugins
plugin@org.eclipse.emf.examples.library=R2_3_1RC,:pserver:anonymous@dev.eclipse.org:/cvsroot/modeling,,org.eclipse.emf/org.eclipse.emf/examples/org.eclipse.emf.examples.library
plugin@org.eclipse.emf.examples.library.edit=R2_3_1RC,:pserver:anonymous@dev.eclipse.org:/cvsroot/modeling,,org.eclipse.emf/org.eclipse.emf/examples/org.eclipse.emf.examples.library.edit
plugin@org.eclipse.emf.examples.library.editor=R2_3_1RC,:pserver:anonymous@dev.eclipse.org:/cvsroot/modeling,,org.eclipse.emf/org.eclipse.emf/examples/org.eclipse.emf.examples.library.editor