!***************  Project CONTRIBUTION  ******************************************************** 

!*** Special entries from eclipse

plugin@org.eclipse.test=v20080313,:pserver:anonymous@dev.eclipse.org:/cvsroot/eclipse,
fragment@org.eclipse.ant.optional.junit=v20070202,:pserver:anonymous@dev.eclipse.org:/cvsroot/eclipse,

plugin@net.sourceforge.lpg.lpgjavaruntime=v1_1,:pserver:anonymous@dev.eclipse.org:/cvsroot/tools,,org.eclipse.orbit/net.sourceforge.lpg.lpgjavaruntime

!*** Default entries

!*** plugins, features and fragments
plugin@org.eclipse.emf.query2=HEAD,:pserver:anonymous@dev.eclipse.org:/cvsroot/modeling,,org.eclipse.emf/org.eclipse.emf.query/plugins/org.eclipse.emf.query2
plugin@org.eclipse.emf.query2.tools.ui=HEAD,:pserver:anonymous@dev.eclipse.org:/cvsroot/modeling,,org.eclipse.emf/org.eclipse.emf.query/plugins/org.eclipse.emf.query2.tools.ui

feature@org.eclipse.emf.query2.master=HEAD,:pserver:anonymous@dev.eclipse.org:/cvsroot/modeling,,org.eclipse.emf/org.eclipse.emf.query/prototypes/query2syntax/org.eclipse.emf.query2.master-feature
feature@org.eclipse.emf.query2=HEAD,:pserver:anonymous@dev.eclipse.org:/cvsroot/modeling,,org.eclipse.emf/org.eclipse.emf.query/prototypes/query2syntax/org.eclipse.emf.query2-feature
!*** feature@org.eclipse.emf.query2.test=HEAD,:pserver:anonymous@dev.eclipse.org:/cvsroot/modeling,,org.eclipse.emf/org.eclipse.emf.query/prototypes/query2syntax/org.eclipse.emf.query2.test-feature
feature@org.eclipse.emf.query2.index=HEAD,:pserver:anonymous@dev.eclipse.org:/cvsroot/modeling,,org.eclipse.emf/org.eclipse.emf.query/prototypes/query2syntax/org.eclipse.emf.query2.index-feature

plugin@org.eclipse.emf.query.index=HEAD,:pserver:anonymous@dev.eclipse.org:/cvsroot/modeling,,org.eclipse.emf/org.eclipse.emf.query/prototypes/index/org.eclipse.emf.query.index
fragment@org.eclipse.emf.query.index.internal.test=HEAD,:pserver:anonymous@dev.eclipse.org:/cvsroot/modeling,,org.eclipse.emf/org.eclipse.emf.query/prototypes/index/org.eclipse.emf.query.index.test
plugin@org.eclipse.emf.query.index.ui=HEAD,:pserver:anonymous@dev.eclipse.org:/cvsroot/modeling,,org.eclipse.emf/org.eclipse.emf.query/prototypes/index/org.eclipse.emf.query.index.ui

plugin@org.eclipse.emf.query2.syntax=HEAD,:pserver:anonymous@dev.eclipse.org:/cvsroot/modeling,,org.eclipse.emf/org.eclipse.emf.query/prototypes/query2syntax/org.eclipse.emf.query2
plugin@org.eclipse.emf.query2.syntax.test=HEAD,:pserver:anonymous@dev.eclipse.org:/cvsroot/modeling,,org.eclipse.emf/org.eclipse.emf.query/prototypes/query2syntax/org.eclipse.emf.query2.syntax.test
plugin@org.eclipse.emf.query2.syntax.ui=HEAD,:pserver:anonymous@dev.eclipse.org:/cvsroot/modeling,,org.eclipse.emf/org.eclipse.emf.query/prototypes/query2syntax/org.eclipse.emf.query2.ui

!*** plugin@org.eclipse.emf.query2.librarytest=HEAD,:pserver:anonymous@dev.eclipse.org:/cvsroot/modeling,,org.eclipse.emf/org.eclipse.emf.query/tests/org.eclipse.emf.query2.librarytest
!*** plugin@org.eclipse.emf.query2.test=HEAD,:pserver:anonymous@dev.eclipse.org:/cvsroot/modeling,,org.eclipse.emf/org.eclipse.emf.query/tests/org.eclipse.emf.query2.test

!*** All-in-one data integrity frameworks features


!*** EMF Examples plugins
plugin@org.eclipse.emf.examples.library=R2_3_1RC,:pserver:anonymous@dev.eclipse.org:/cvsroot/modeling,,org.eclipse.emf/org.eclipse.emf/examples/org.eclipse.emf.examples.library
plugin@org.eclipse.emf.examples.library.edit=R2_3_1RC,:pserver:anonymous@dev.eclipse.org:/cvsroot/modeling,,org.eclipse.emf/org.eclipse.emf/examples/org.eclipse.emf.examples.library.edit
plugin@org.eclipse.emf.examples.library.editor=R2_3_1RC,:pserver:anonymous@dev.eclipse.org:/cvsroot/modeling,,org.eclipse.emf/org.eclipse.emf/examples/org.eclipse.emf.examples.library.editor